// Vitest Snapshot v1, https://vitest.dev/guide/snapshot.html

exports[`Button > should render successfully 1`] = `
<body>
  <div>
    <button
      class="_container_05d42c"
      data-appearance="primary"
      data-icon-position="before"
      data-size="medium"
    />
  </div>
</body>
`;
